
> @nirholas/binance-mcp-server@1.0.0 build
> tsc

src/config/binanceUsClient.ts(427,20): error TS2304: Cannot find name 'HeadersInit'.
src/config/binanceUsClient.ts(468,13): error TS18046: 'errorData' is of type 'unknown'.
src/config/binanceUsClient.ts(469,13): error TS18046: 'errorData' is of type 'unknown'.
src/config/binanceUsClient.ts(517,13): error TS18046: 'errorData' is of type 'unknown'.
src/config/binanceUsClient.ts(518,13): error TS18046: 'errorData' is of type 'unknown'.
src/config/binanceUsClient.ts(556,20): error TS2304: Cannot find name 'HeadersInit'.
src/config/binanceUsClient.ts(586,13): error TS18046: 'errorData' is of type 'unknown'.
src/config/binanceUsClient.ts(587,13): error TS18046: 'errorData' is of type 'unknown'.
src/modules/auto-invest/changePlanStatus.ts(23,65): error TS2339: Property 'planEditStatus' does not exist on type 'RestAPI'.
src/modules/auto-invest/createPlan.ts(36,65): error TS2339: Property 'planAdd' does not exist on type 'RestAPI'.
src/modules/auto-invest/editPlan.ts(35,65): error TS2339: Property 'planEdit' does not exist on type 'RestAPI'.
src/modules/auto-invest/getHistoryList.ts(28,65): error TS2339: Property 'historyList' does not exist on type 'RestAPI'.
src/modules/auto-invest/getIndexInfo.ts(22,65): error TS2339: Property 'indexInfo' does not exist on type 'RestAPI'.
src/modules/auto-invest/getIndexLinkedPlanPositionDetails.ts(22,65): error TS2339: Property 'planId' does not exist on type 'RestAPI'.
src/modules/auto-invest/getIndexUserSummary.ts(22,65): error TS2339: Property 'indexUserSummary' does not exist on type 'RestAPI'.
src/modules/auto-invest/getPlanList.ts(22,65): error TS2339: Property 'planList' does not exist on type 'RestAPI'.
src/modules/auto-invest/getSourceAssetList.ts(25,65): error TS2551: Property 'sourceAssetList' does not exist on type 'RestAPI'. Did you mean 'querySourceAssetList'?
src/modules/auto-invest/getTargetAssetList.ts(24,65): error TS2551: Property 'targetAssetList' does not exist on type 'RestAPI'. Did you mean 'getTargetAssetList'?
src/modules/auto-invest/getTargetAssetRoiData.ts(24,65): error TS2551: Property 'targetAssetRoiList' does not exist on type 'RestAPI'. Did you mean 'getTargetAssetList'?
src/modules/auto-invest/oneTimeTransaction.ts(43,65): error TS2339: Property 'oneOff' does not exist on type 'RestAPI'.
src/modules/auto-invest/rebalanceHistory.ts(25,65): error TS2339: Property 'rebalanceHistory' does not exist on type 'RestAPI'.
src/modules/auto-invest/redemption.ts(23,65): error TS2339: Property 'redeem' does not exist on type 'RestAPI'.
src/modules/c2c/C2C/getAds.ts(26,58): error TS2339: Property 'getAds' does not exist on type 'RestAPI'.
src/modules/copy-trading/FutureCopyTrading-api/followTrader.ts(28,66): error TS2339: Property 'followTrader' does not exist on type 'RestAPI'.
src/modules/copy-trading/FutureCopyTrading-api/getCopyOrders.ts(25,66): error TS2339: Property 'getCopyOrders' does not exist on type 'RestAPI'.
src/modules/copy-trading/FutureCopyTrading-api/getCopyPositions.ts(21,66): error TS2339: Property 'getCopyPositions' does not exist on type 'RestAPI'.
src/modules/copy-trading/FutureCopyTrading-api/getFollowingTraders.ts(21,66): error TS2339: Property 'getFollowingTraders' does not exist on type 'RestAPI'.
src/modules/copy-trading/FutureCopyTrading-api/getLeadTraders.ts(25,66): error TS2339: Property 'getLeadTraders' does not exist on type 'RestAPI'.
src/modules/copy-trading/FutureCopyTrading-api/getTraderPerformance.ts(23,66): error TS2339: Property 'getTraderPerformance' does not exist on type 'RestAPI'.
src/modules/copy-trading/FutureCopyTrading-api/getTraderPositions.ts(23,66): error TS2339: Property 'getTraderPositions' does not exist on type 'RestAPI'.
src/modules/copy-trading/FutureCopyTrading-api/getTraderSymbolStats.ts(23,66): error TS2339: Property 'getTraderSymbolStats' does not exist on type 'RestAPI'.
src/modules/copy-trading/FutureCopyTrading-api/unfollowTrader.ts(22,66): error TS2339: Property 'unfollowTrader' does not exist on type 'RestAPI'.
src/modules/crypto-loans/flexible/adjustLTV.ts(25,65): error TS2551: Property 'flexibleLoanAdjustLTV' does not exist on type 'RestAPI'. Did you mean 'flexibleLoanAdjustLtv'?
src/modules/crypto-loans/flexible/borrow.ts(25,84): error TS2345: Argument of type '{ recvWindow?: number | undefined; collateralAmount?: string | undefined; loanAmount?: string | undefined; loanCoin: string; collateralCoin: string; }' is not assignable to parameter of type 'FlexibleLoanBorrowRequest'.
  Types of property 'loanAmount' are incompatible.
    Type 'string | undefined' is not assignable to type 'number | undefined'.
      Type 'string' is not assignable to type 'number'.
src/modules/crypto-loans/flexible/getFlexibleCollateralAssets.ts(22,65): error TS2551: Property 'getFlexibleCollateralAssets' does not exist on type 'RestAPI'. Did you mean 'getFlexibleLoanCollateralAssetsData'?
src/modules/crypto-loans/flexible/getFlexibleLoanAssets.ts(22,65): error TS2551: Property 'getFlexibleLoanAssets' does not exist on type 'RestAPI'. Did you mean 'getFlexibleLoanAssetsData'?
src/modules/crypto-loans/flexible/getRepayHistory.ts(27,65): error TS2551: Property 'getFlexibleLoanRepayHistory' does not exist on type 'RestAPI'. Did you mean 'getFlexibleLoanRepaymentHistory'?
src/modules/crypto-loans/flexible/repay.ts(29,21): error TS2322: Type 'string' is not assignable to type 'number'.
src/modules/mining/mining-api/hashrateResaleDetail.ts(26,21): error TS2353: Object literal may only specify known properties, and 'userName' does not exist in type 'HashrateResaleDetailRequest'.
src/modules/options/account-api/getAccount.ts(21,54): error TS2339: Property 'restAPI' does not exist on type '{ ping: () => Promise<any>; time: () => Promise<any>; exchangeInfo: () => Promise<any>; depth: (params: Record<string, any>) => Promise<any>; ... 20 more ...; closeListenKey: () => Promise<...>; }'.
src/modules/options/account-api/getBillHistory.ts(26,54): error TS2339: Property 'restAPI' does not exist on type '{ ping: () => Promise<any>; time: () => Promise<any>; exchangeInfo: () => Promise<any>; depth: (params: Record<string, any>) => Promise<any>; ... 20 more ...; closeListenKey: () => Promise<...>; }'.
src/modules/options/account-api/getIncomeAsyn.ts(23,54): error TS2339: Property 'restAPI' does not exist on type '{ ping: () => Promise<any>; time: () => Promise<any>; exchangeInfo: () => Promise<any>; depth: (params: Record<string, any>) => Promise<any>; ... 20 more ...; closeListenKey: () => Promise<...>; }'.
src/modules/options/account-api/getIncomeAsynId.ts(22,54): error TS2339: Property 'restAPI' does not exist on type '{ ping: () => Promise<any>; time: () => Promise<any>; exchangeInfo: () => Promise<any>; depth: (params: Record<string, any>) => Promise<any>; ... 20 more ...; closeListenKey: () => Promise<...>; }'.
src/modules/options/account-api/getPosition.ts(23,54): error TS2339: Property 'restAPI' does not exist on type '{ ping: () => Promise<any>; time: () => Promise<any>; exchangeInfo: () => Promise<any>; depth: (params: Record<string, any>) => Promise<any>; ... 20 more ...; closeListenKey: () => Promise<...>; }'.
src/modules/options/market-api/depth.ts(23,54): error TS2339: Property 'restAPI' does not exist on type '{ ping: () => Promise<any>; time: () => Promise<any>; exchangeInfo: () => Promise<any>; depth: (params: Record<string, any>) => Promise<any>; ... 20 more ...; closeListenKey: () => Promise<...>; }'.
src/modules/options/market-api/exchangeInfo.ts(18,54): error TS2339: Property 'restAPI' does not exist on type '{ ping: () => Promise<any>; time: () => Promise<any>; exchangeInfo: () => Promise<any>; depth: (params: Record<string, any>) => Promise<any>; ... 20 more ...; closeListenKey: () => Promise<...>; }'.
src/modules/options/market-api/exerciseHistory.ts(28,54): error TS2339: Property 'restAPI' does not exist on type '{ ping: () => Promise<any>; time: () => Promise<any>; exchangeInfo: () => Promise<any>; depth: (params: Record<string, any>) => Promise<any>; ... 20 more ...; closeListenKey: () => Promise<...>; }'.
src/modules/options/market-api/historicalTrades.ts(25,54): error TS2339: Property 'restAPI' does not exist on type '{ ping: () => Promise<any>; time: () => Promise<any>; exchangeInfo: () => Promise<any>; depth: (params: Record<string, any>) => Promise<any>; ... 20 more ...; closeListenKey: () => Promise<...>; }'.
src/modules/options/market-api/indexPrice.ts(21,54): error TS2339: Property 'restAPI' does not exist on type '{ ping: () => Promise<any>; time: () => Promise<any>; exchangeInfo: () => Promise<any>; depth: (params: Record<string, any>) => Promise<any>; ... 20 more ...; closeListenKey: () => Promise<...>; }'.
src/modules/options/market-api/klines.ts(29,54): error TS2339: Property 'restAPI' does not exist on type '{ ping: () => Promise<any>; time: () => Promise<any>; exchangeInfo: () => Promise<any>; depth: (params: Record<string, any>) => Promise<any>; ... 20 more ...; closeListenKey: () => Promise<...>; }'.
src/modules/options/market-api/mark.ts(22,54): error TS2339: Property 'restAPI' does not exist on type '{ ping: () => Promise<any>; time: () => Promise<any>; exchangeInfo: () => Promise<any>; depth: (params: Record<string, any>) => Promise<any>; ... 20 more ...; closeListenKey: () => Promise<...>; }'.
src/modules/options/market-api/ping.ts(18,54): error TS2339: Property 'restAPI' does not exist on type '{ ping: () => Promise<any>; time: () => Promise<any>; exchangeInfo: () => Promise<any>; depth: (params: Record<string, any>) => Promise<any>; ... 20 more ...; closeListenKey: () => Promise<...>; }'.
src/modules/options/market-api/ticker.ts(22,54): error TS2339: Property 'restAPI' does not exist on type '{ ping: () => Promise<any>; time: () => Promise<any>; exchangeInfo: () => Promise<any>; depth: (params: Record<string, any>) => Promise<any>; ... 20 more ...; closeListenKey: () => Promise<...>; }'.
src/modules/options/market-api/time.ts(18,54): error TS2339: Property 'restAPI' does not exist on type '{ ping: () => Promise<any>; time: () => Promise<any>; exchangeInfo: () => Promise<any>; depth: (params: Record<string, any>) => Promise<any>; ... 20 more ...; closeListenKey: () => Promise<...>; }'.
src/modules/options/market-api/trades.ts(23,54): error TS2339: Property 'restAPI' does not exist on type '{ ping: () => Promise<any>; time: () => Promise<any>; exchangeInfo: () => Promise<any>; depth: (params: Record<string, any>) => Promise<any>; ... 20 more ...; closeListenKey: () => Promise<...>; }'.
src/modules/options/trade-api/batchOrders.ts(32,54): error TS2339: Property 'restAPI' does not exist on type '{ ping: () => Promise<any>; time: () => Promise<any>; exchangeInfo: () => Promise<any>; depth: (params: Record<string, any>) => Promise<any>; ... 20 more ...; closeListenKey: () => Promise<...>; }'.
src/modules/options/trade-api/cancelAllOrders.ts(22,54): error TS2339: Property 'restAPI' does not exist on type '{ ping: () => Promise<any>; time: () => Promise<any>; exchangeInfo: () => Promise<any>; depth: (params: Record<string, any>) => Promise<any>; ... 20 more ...; closeListenKey: () => Promise<...>; }'.
src/modules/options/trade-api/cancelBatchOrders.ts(34,54): error TS2339: Property 'restAPI' does not exist on type '{ ping: () => Promise<any>; time: () => Promise<any>; exchangeInfo: () => Promise<any>; depth: (params: Record<string, any>) => Promise<any>; ... 20 more ...; closeListenKey: () => Promise<...>; }'.
src/modules/options/trade-api/cancelBySymbol.ts(22,54): error TS2339: Property 'restAPI' does not exist on type '{ ping: () => Promise<any>; time: () => Promise<any>; exchangeInfo: () => Promise<any>; depth: (params: Record<string, any>) => Promise<any>; ... 20 more ...; closeListenKey: () => Promise<...>; }'.
src/modules/options/trade-api/cancelOrder.ts(34,54): error TS2339: Property 'restAPI' does not exist on type '{ ping: () => Promise<any>; time: () => Promise<any>; exchangeInfo: () => Promise<any>; depth: (params: Record<string, any>) => Promise<any>; ... 20 more ...; closeListenKey: () => Promise<...>; }'.
src/modules/options/trade-api/getHistoryOrders.ts(26,54): error TS2339: Property 'restAPI' does not exist on type '{ ping: () => Promise<any>; time: () => Promise<any>; exchangeInfo: () => Promise<any>; depth: (params: Record<string, any>) => Promise<any>; ... 20 more ...; closeListenKey: () => Promise<...>; }'.
src/modules/options/trade-api/getOpenOrders.ts(23,54): error TS2339: Property 'restAPI' does not exist on type '{ ping: () => Promise<any>; time: () => Promise<any>; exchangeInfo: () => Promise<any>; depth: (params: Record<string, any>) => Promise<any>; ... 20 more ...; closeListenKey: () => Promise<...>; }'.
src/modules/options/trade-api/getUserTrades.ts(27,54): error TS2339: Property 'restAPI' does not exist on type '{ ping: () => Promise<any>; time: () => Promise<any>; exchangeInfo: () => Promise<any>; depth: (params: Record<string, any>) => Promise<any>; ... 20 more ...; closeListenKey: () => Promise<...>; }'.
src/modules/options/trade-api/newOrder.ts(32,54): error TS2339: Property 'restAPI' does not exist on type '{ ping: () => Promise<any>; time: () => Promise<any>; exchangeInfo: () => Promise<any>; depth: (params: Record<string, any>) => Promise<any>; ... 20 more ...; closeListenKey: () => Promise<...>; }'.
src/modules/options/userdata-api/createListenKey.ts(18,54): error TS2339: Property 'restAPI' does not exist on type '{ ping: () => Promise<any>; time: () => Promise<any>; exchangeInfo: () => Promise<any>; depth: (params: Record<string, any>) => Promise<any>; ... 20 more ...; closeListenKey: () => Promise<...>; }'.
src/modules/options/userdata-api/deleteListenKey.ts(21,54): error TS2339: Property 'restAPI' does not exist on type '{ ping: () => Promise<any>; time: () => Promise<any>; exchangeInfo: () => Promise<any>; depth: (params: Record<string, any>) => Promise<any>; ... 20 more ...; closeListenKey: () => Promise<...>; }'.
src/modules/options/userdata-api/renewListenKey.ts(21,54): error TS2339: Property 'restAPI' does not exist on type '{ ping: () => Promise<any>; time: () => Promise<any>; exchangeInfo: () => Promise<any>; depth: (params: Record<string, any>) => Promise<any>; ... 20 more ...; closeListenKey: () => Promise<...>; }'.
src/modules/pay/pay-api/createOrder.ts(28,58): error TS2339: Property 'createOrder' does not exist on type 'RestAPI'.
src/modules/pay/pay-api/queryOrder.ts(24,58): error TS2339: Property 'queryOrder' does not exist on type 'RestAPI'.
src/modules/portfolio-margin/account/getAccountInfo.ts(21,62): error TS2339: Property 'restAPI' does not exist on type '{ getAccount: (params?: Record<string, any>) => Promise<any>; getCollateralRate: (params?: Record<string, any>) => Promise<any>; getBankruptcyLoanAmount: (params?: Record<...>) => Promise<...>; ... 10 more ...; getBalance: (params?: Record<...>) => Promise<...>; }'.
src/modules/portfolio-margin/account/getBalance.ts(22,62): error TS2339: Property 'restAPI' does not exist on type '{ getAccount: (params?: Record<string, any>) => Promise<any>; getCollateralRate: (params?: Record<string, any>) => Promise<any>; getBankruptcyLoanAmount: (params?: Record<...>) => Promise<...>; ... 10 more ...; getBalance: (params?: Record<...>) => Promise<...>; }'.
src/modules/portfolio-margin/account/getCmAccount.ts(21,62): error TS2339: Property 'restAPI' does not exist on type '{ getAccount: (params?: Record<string, any>) => Promise<any>; getCollateralRate: (params?: Record<string, any>) => Promise<any>; getBankruptcyLoanAmount: (params?: Record<...>) => Promise<...>; ... 10 more ...; getBalance: (params?: Record<...>) => Promise<...>; }'.
src/modules/portfolio-margin/account/getCmPosition.ts(23,62): error TS2339: Property 'restAPI' does not exist on type '{ getAccount: (params?: Record<string, any>) => Promise<any>; getCollateralRate: (params?: Record<string, any>) => Promise<any>; getBankruptcyLoanAmount: (params?: Record<...>) => Promise<...>; ... 10 more ...; getBalance: (params?: Record<...>) => Promise<...>; }'.
src/modules/portfolio-margin/account/getMarginAccount.ts(21,62): error TS2339: Property 'restAPI' does not exist on type '{ getAccount: (params?: Record<string, any>) => Promise<any>; getCollateralRate: (params?: Record<string, any>) => Promise<any>; getBankruptcyLoanAmount: (params?: Record<...>) => Promise<...>; ... 10 more ...; getBalance: (params?: Record<...>) => Promise<...>; }'.
src/modules/portfolio-margin/account/getMaxBorrowable.ts(22,62): error TS2339: Property 'restAPI' does not exist on type '{ getAccount: (params?: Record<string, any>) => Promise<any>; getCollateralRate: (params?: Record<string, any>) => Promise<any>; getBankruptcyLoanAmount: (params?: Record<...>) => Promise<...>; ... 10 more ...; getBalance: (params?: Record<...>) => Promise<...>; }'.
src/modules/portfolio-margin/account/getMaxWithdraw.ts(22,62): error TS2339: Property 'restAPI' does not exist on type '{ getAccount: (params?: Record<string, any>) => Promise<any>; getCollateralRate: (params?: Record<string, any>) => Promise<any>; getBankruptcyLoanAmount: (params?: Record<...>) => Promise<...>; ... 10 more ...; getBalance: (params?: Record<...>) => Promise<...>; }'.
src/modules/portfolio-margin/account/getUmAccount.ts(21,62): error TS2339: Property 'restAPI' does not exist on type '{ getAccount: (params?: Record<string, any>) => Promise<any>; getCollateralRate: (params?: Record<string, any>) => Promise<any>; getBankruptcyLoanAmount: (params?: Record<...>) => Promise<...>; ... 10 more ...; getBalance: (params?: Record<...>) => Promise<...>; }'.
src/modules/portfolio-margin/account/getUmPosition.ts(22,62): error TS2339: Property 'restAPI' does not exist on type '{ getAccount: (params?: Record<string, any>) => Promise<any>; getCollateralRate: (params?: Record<string, any>) => Promise<any>; getBankruptcyLoanAmount: (params?: Record<...>) => Promise<...>; ... 10 more ...; getBalance: (params?: Record<...>) => Promise<...>; }'.
src/modules/portfolio-margin/cm-trade/cancelAllOrders.ts(22,62): error TS2339: Property 'restAPI' does not exist on type '{ getAccount: (params?: Record<string, any>) => Promise<any>; getCollateralRate: (params?: Record<string, any>) => Promise<any>; getBankruptcyLoanAmount: (params?: Record<...>) => Promise<...>; ... 10 more ...; getBalance: (params?: Record<...>) => Promise<...>; }'.
src/modules/portfolio-margin/cm-trade/cancelOrder.ts(34,62): error TS2339: Property 'restAPI' does not exist on type '{ getAccount: (params?: Record<string, any>) => Promise<any>; getCollateralRate: (params?: Record<string, any>) => Promise<any>; getBankruptcyLoanAmount: (params?: Record<...>) => Promise<...>; ... 10 more ...; getBalance: (params?: Record<...>) => Promise<...>; }'.
src/modules/portfolio-margin/cm-trade/changeLeverage.ts(23,62): error TS2339: Property 'restAPI' does not exist on type '{ getAccount: (params?: Record<string, any>) => Promise<any>; getCollateralRate: (params?: Record<string, any>) => Promise<any>; getBankruptcyLoanAmount: (params?: Record<...>) => Promise<...>; ... 10 more ...; getBalance: (params?: Record<...>) => Promise<...>; }'.
src/modules/portfolio-margin/cm-trade/changeMarginType.ts(23,62): error TS2339: Property 'restAPI' does not exist on type '{ getAccount: (params?: Record<string, any>) => Promise<any>; getCollateralRate: (params?: Record<string, any>) => Promise<any>; getBankruptcyLoanAmount: (params?: Record<...>) => Promise<...>; ... 10 more ...; getBalance: (params?: Record<...>) => Promise<...>; }'.
src/modules/portfolio-margin/cm-trade/getAllOrders.ts(27,62): error TS2339: Property 'restAPI' does not exist on type '{ getAccount: (params?: Record<string, any>) => Promise<any>; getCollateralRate: (params?: Record<string, any>) => Promise<any>; getBankruptcyLoanAmount: (params?: Record<...>) => Promise<...>; ... 10 more ...; getBalance: (params?: Record<...>) => Promise<...>; }'.
src/modules/portfolio-margin/cm-trade/getOpenOrders.ts(23,62): error TS2339: Property 'restAPI' does not exist on type '{ getAccount: (params?: Record<string, any>) => Promise<any>; getCollateralRate: (params?: Record<string, any>) => Promise<any>; getBankruptcyLoanAmount: (params?: Record<...>) => Promise<...>; ... 10 more ...; getBalance: (params?: Record<...>) => Promise<...>; }'.
src/modules/portfolio-margin/cm-trade/getOrder.ts(34,62): error TS2339: Property 'restAPI' does not exist on type '{ getAccount: (params?: Record<string, any>) => Promise<any>; getCollateralRate: (params?: Record<string, any>) => Promise<any>; getBankruptcyLoanAmount: (params?: Record<...>) => Promise<...>; ... 10 more ...; getBalance: (params?: Record<...>) => Promise<...>; }'.
src/modules/portfolio-margin/cm-trade/getUserTrades.ts(27,62): error TS2339: Property 'restAPI' does not exist on type '{ getAccount: (params?: Record<string, any>) => Promise<any>; getCollateralRate: (params?: Record<string, any>) => Promise<any>; getBankruptcyLoanAmount: (params?: Record<...>) => Promise<...>; ... 10 more ...; getBalance: (params?: Record<...>) => Promise<...>; }'.
src/modules/portfolio-margin/cm-trade/newOrder.ts(32,62): error TS2339: Property 'restAPI' does not exist on type '{ getAccount: (params?: Record<string, any>) => Promise<any>; getCollateralRate: (params?: Record<string, any>) => Promise<any>; getBankruptcyLoanAmount: (params?: Record<...>) => Promise<...>; ... 10 more ...; getBalance: (params?: Record<...>) => Promise<...>; }'.
src/modules/portfolio-margin/margin-trade/cancelAllOrders.ts(22,62): error TS2339: Property 'restAPI' does not exist on type '{ getAccount: (params?: Record<string, any>) => Promise<any>; getCollateralRate: (params?: Record<string, any>) => Promise<any>; getBankruptcyLoanAmount: (params?: Record<...>) => Promise<...>; ... 10 more ...; getBalance: (params?: Record<...>) => Promise<...>; }'.
src/modules/portfolio-margin/margin-trade/cancelOrder.ts(34,62): error TS2339: Property 'restAPI' does not exist on type '{ getAccount: (params?: Record<string, any>) => Promise<any>; getCollateralRate: (params?: Record<string, any>) => Promise<any>; getBankruptcyLoanAmount: (params?: Record<...>) => Promise<...>; ... 10 more ...; getBalance: (params?: Record<...>) => Promise<...>; }'.
src/modules/portfolio-margin/margin-trade/getAllOrders.ts(26,62): error TS2339: Property 'restAPI' does not exist on type '{ getAccount: (params?: Record<string, any>) => Promise<any>; getCollateralRate: (params?: Record<string, any>) => Promise<any>; getBankruptcyLoanAmount: (params?: Record<...>) => Promise<...>; ... 10 more ...; getBalance: (params?: Record<...>) => Promise<...>; }'.
src/modules/portfolio-margin/margin-trade/getOpenOrders.ts(22,62): error TS2339: Property 'restAPI' does not exist on type '{ getAccount: (params?: Record<string, any>) => Promise<any>; getCollateralRate: (params?: Record<string, any>) => Promise<any>; getBankruptcyLoanAmount: (params?: Record<...>) => Promise<...>; ... 10 more ...; getBalance: (params?: Record<...>) => Promise<...>; }'.
src/modules/portfolio-margin/margin-trade/getOrder.ts(34,62): error TS2339: Property 'restAPI' does not exist on type '{ getAccount: (params?: Record<string, any>) => Promise<any>; getCollateralRate: (params?: Record<string, any>) => Promise<any>; getBankruptcyLoanAmount: (params?: Record<...>) => Promise<...>; ... 10 more ...; getBalance: (params?: Record<...>) => Promise<...>; }'.
src/modules/portfolio-margin/margin-trade/getUserTrades.ts(26,62): error TS2339: Property 'restAPI' does not exist on type '{ getAccount: (params?: Record<string, any>) => Promise<any>; getCollateralRate: (params?: Record<string, any>) => Promise<any>; getBankruptcyLoanAmount: (params?: Record<...>) => Promise<...>; ... 10 more ...; getBalance: (params?: Record<...>) => Promise<...>; }'.
src/modules/portfolio-margin/margin-trade/marginLoan.ts(23,62): error TS2339: Property 'restAPI' does not exist on type '{ getAccount: (params?: Record<string, any>) => Promise<any>; getCollateralRate: (params?: Record<string, any>) => Promise<any>; getBankruptcyLoanAmount: (params?: Record<...>) => Promise<...>; ... 10 more ...; getBalance: (params?: Record<...>) => Promise<...>; }'.
src/modules/portfolio-margin/margin-trade/marginRepay.ts(23,62): error TS2339: Property 'restAPI' does not exist on type '{ getAccount: (params?: Record<string, any>) => Promise<any>; getCollateralRate: (params?: Record<string, any>) => Promise<any>; getBankruptcyLoanAmount: (params?: Record<...>) => Promise<...>; ... 10 more ...; getBalance: (params?: Record<...>) => Promise<...>; }'.
src/modules/portfolio-margin/margin-trade/newOrder.ts(33,62): error TS2339: Property 'restAPI' does not exist on type '{ getAccount: (params?: Record<string, any>) => Promise<any>; getCollateralRate: (params?: Record<string, any>) => Promise<any>; getBankruptcyLoanAmount: (params?: Record<...>) => Promise<...>; ... 10 more ...; getBalance: (params?: Record<...>) => Promise<...>; }'.
src/modules/portfolio-margin/um-trade/cancelAllOrders.ts(22,62): error TS2339: Property 'restAPI' does not exist on type '{ getAccount: (params?: Record<string, any>) => Promise<any>; getCollateralRate: (params?: Record<string, any>) => Promise<any>; getBankruptcyLoanAmount: (params?: Record<...>) => Promise<...>; ... 10 more ...; getBalance: (params?: Record<...>) => Promise<...>; }'.
src/modules/portfolio-margin/um-trade/cancelOrder.ts(34,62): error TS2339: Property 'restAPI' does not exist on type '{ getAccount: (params?: Record<string, any>) => Promise<any>; getCollateralRate: (params?: Record<string, any>) => Promise<any>; getBankruptcyLoanAmount: (params?: Record<...>) => Promise<...>; ... 10 more ...; getBalance: (params?: Record<...>) => Promise<...>; }'.
src/modules/portfolio-margin/um-trade/changeLeverage.ts(23,62): error TS2339: Property 'restAPI' does not exist on type '{ getAccount: (params?: Record<string, any>) => Promise<any>; getCollateralRate: (params?: Record<string, any>) => Promise<any>; getBankruptcyLoanAmount: (params?: Record<...>) => Promise<...>; ... 10 more ...; getBalance: (params?: Record<...>) => Promise<...>; }'.
src/modules/portfolio-margin/um-trade/changeMarginType.ts(23,62): error TS2339: Property 'restAPI' does not exist on type '{ getAccount: (params?: Record<string, any>) => Promise<any>; getCollateralRate: (params?: Record<string, any>) => Promise<any>; getBankruptcyLoanAmount: (params?: Record<...>) => Promise<...>; ... 10 more ...; getBalance: (params?: Record<...>) => Promise<...>; }'.
src/modules/portfolio-margin/um-trade/getAllOrders.ts(26,62): error TS2339: Property 'restAPI' does not exist on type '{ getAccount: (params?: Record<string, any>) => Promise<any>; getCollateralRate: (params?: Record<string, any>) => Promise<any>; getBankruptcyLoanAmount: (params?: Record<...>) => Promise<...>; ... 10 more ...; getBalance: (params?: Record<...>) => Promise<...>; }'.
src/modules/portfolio-margin/um-trade/getOpenOrders.ts(22,62): error TS2339: Property 'restAPI' does not exist on type '{ getAccount: (params?: Record<string, any>) => Promise<any>; getCollateralRate: (params?: Record<string, any>) => Promise<any>; getBankruptcyLoanAmount: (params?: Record<...>) => Promise<...>; ... 10 more ...; getBalance: (params?: Record<...>) => Promise<...>; }'.
src/modules/portfolio-margin/um-trade/getOrder.ts(34,62): error TS2339: Property 'restAPI' does not exist on type '{ getAccount: (params?: Record<string, any>) => Promise<any>; getCollateralRate: (params?: Record<string, any>) => Promise<any>; getBankruptcyLoanAmount: (params?: Record<...>) => Promise<...>; ... 10 more ...; getBalance: (params?: Record<...>) => Promise<...>; }'.
src/modules/portfolio-margin/um-trade/getUserTrades.ts(26,62): error TS2339: Property 'restAPI' does not exist on type '{ getAccount: (params?: Record<string, any>) => Promise<any>; getCollateralRate: (params?: Record<string, any>) => Promise<any>; getBankruptcyLoanAmount: (params?: Record<...>) => Promise<...>; ... 10 more ...; getBalance: (params?: Record<...>) => Promise<...>; }'.
src/modules/portfolio-margin/um-trade/newOrder.ts(32,62): error TS2339: Property 'restAPI' does not exist on type '{ getAccount: (params?: Record<string, any>) => Promise<any>; getCollateralRate: (params?: Record<string, any>) => Promise<any>; getBankruptcyLoanAmount: (params?: Record<...>) => Promise<...>; ... 10 more ...; getBalance: (params?: Record<...>) => Promise<...>; }'.
src/modules/portfolio-margin/userdata/createListenKey.ts(18,62): error TS2339: Property 'restAPI' does not exist on type '{ getAccount: (params?: Record<string, any>) => Promise<any>; getCollateralRate: (params?: Record<string, any>) => Promise<any>; getBankruptcyLoanAmount: (params?: Record<...>) => Promise<...>; ... 10 more ...; getBalance: (params?: Record<...>) => Promise<...>; }'.
src/modules/portfolio-margin/userdata/deleteListenKey.ts(21,62): error TS2339: Property 'restAPI' does not exist on type '{ getAccount: (params?: Record<string, any>) => Promise<any>; getCollateralRate: (params?: Record<string, any>) => Promise<any>; getBankruptcyLoanAmount: (params?: Record<...>) => Promise<...>; ... 10 more ...; getBalance: (params?: Record<...>) => Promise<...>; }'.
src/modules/portfolio-margin/userdata/renewListenKey.ts(21,62): error TS2339: Property 'restAPI' does not exist on type '{ getAccount: (params?: Record<string, any>) => Promise<any>; getCollateralRate: (params?: Record<string, any>) => Promise<any>; getBankruptcyLoanAmount: (params?: Record<...>) => Promise<...>; ... 10 more ...; getBalance: (params?: Record<...>) => Promise<...>; }'.
src/modules/simple-earn/account/getAccount.ts(21,65): error TS2339: Property 'getSimpleEarnAccount' does not exist on type 'RestAPI'.
src/modules/simple-earn/account/getCollateralRecord.ts(27,65): error TS2551: Property 'getFlexibleCollateralRecord' does not exist on type 'RestAPI'. Did you mean 'getCollateralRecord'?
src/modules/simple-earn/account/getRewardRecord.ts(28,65): error TS2551: Property 'getFlexibleRewardsRecord' does not exist on type 'RestAPI'. Did you mean 'getFlexibleRewardsHistory'?
src/modules/simple-earn/flexible/getRateHistory.ts(26,65): error TS2551: Property 'getFlexibleRateHistory' does not exist on type 'RestAPI'. Did you mean 'getFlexibleRewardsHistory'?
src/modules/simple-earn/locked/getLockedPosition.ts(26,90): error TS2345: Argument of type '{ recvWindow?: number | undefined; size?: number | undefined; current?: number | undefined; projectId?: string | undefined; positionId?: string | undefined; asset?: string | undefined; }' is not assignable to parameter of type 'GetLockedProductPositionRequest'.
  Types of property 'positionId' are incompatible.
    Type 'string | undefined' is not assignable to type 'number | bigint | undefined'.
      Type 'string' is not assignable to type 'number | bigint | undefined'.
src/modules/simple-earn/locked/getRedemptionRecord.ts(28,91): error TS2345: Argument of type '{ recvWindow?: number | undefined; size?: number | undefined; current?: number | undefined; endTime?: number | undefined; startTime?: number | undefined; asset?: string | undefined; redeemId?: string | undefined; positionId?: string | undefined; }' is not assignable to parameter of type 'GetLockedRedemptionRecordRequest'.
  Types of property 'positionId' are incompatible.
    Type 'string | undefined' is not assignable to type 'number | bigint | undefined'.
      Type 'string' is not assignable to type 'number | bigint | undefined'.
src/modules/spot/userdatastream-api/deleteUserDataStream.ts(15,59): error TS2339: Property 'deleteUserDataStream' does not exist on type 'RestAPI'.
src/modules/spot/userdatastream-api/newUserDataStream.ts(13,59): error TS2339: Property 'newUserDataStream' does not exist on type 'RestAPI'.
src/modules/spot/userdatastream-api/putUserDataStream.ts(15,59): error TS2339: Property 'putUserDataStream' does not exist on type 'RestAPI'.
src/modules/wallet/travel-rule-api/onboardedVaspList.ts(13,61): error TS2339: Property 'onboardedVaspList' does not exist on type 'RestAPI'.
src/tools/binance-auto-invest/changeIndexPlanStatus.ts(23,65): error TS2551: Property 'changeIndexPlanStatus' does not exist on type 'RestAPI'. Did you mean 'changePlanStatus'?
src/tools/binance-auto-invest/getHistoryList.ts(28,65): error TS2339: Property 'getHistoryList' does not exist on type 'RestAPI'.
src/tools/binance-auto-invest/getIndexInfo.ts(22,65): error TS2339: Property 'getIndexInfo' does not exist on type 'RestAPI'.
src/tools/binance-auto-invest/getIndexLinkedPlanPositionDetails.ts(22,65): error TS2551: Property 'getIndexLinkedPlanPositionDetails' does not exist on type 'RestAPI'. Did you mean 'queryIndexLinkedPlanPositionDetails'?
src/tools/binance-auto-invest/getIndexUserSummary.ts(22,65): error TS2339: Property 'getIndexUserSummary' does not exist on type 'RestAPI'.
src/tools/binance-auto-invest/oneTimeTransaction.ts(33,21): error TS2322: Type 'string' is not assignable to type 'number'.
src/tools/binance-auto-invest/rebalanceHistory.ts(25,65): error TS2339: Property 'getRebalanceHistory' does not exist on type 'RestAPI'.
src/tools/binance-auto-invest/redemption.ts(23,65): error TS2339: Property 'redemption' does not exist on type 'RestAPI'.
src/tools/binance-copy-trading/FutureCopyTrading-api/followTrader.ts(26,66): error TS2339: Property 'followLeadTrader' does not exist on type 'RestAPI'.
src/tools/binance-copy-trading/FutureCopyTrading-api/getCopyOrders.ts(28,66): error TS2339: Property 'getCopyTradingOrders' does not exist on type 'RestAPI'.
src/tools/binance-copy-trading/FutureCopyTrading-api/getCopyPositions.ts(20,66): error TS2339: Property 'getCopyTradingPositions' does not exist on type 'RestAPI'.
src/tools/binance-copy-trading/FutureCopyTrading-api/getFollowingTraders.ts(16,66): error TS2339: Property 'getFollowingTraders' does not exist on type 'RestAPI'.
src/tools/binance-copy-trading/FutureCopyTrading-api/getLeadTraders.ts(26,66): error TS2339: Property 'getLeadTraders' does not exist on type 'RestAPI'.
src/tools/binance-copy-trading/FutureCopyTrading-api/getTraderPerformance.ts(18,66): error TS2339: Property 'getLeadTraderPerformance' does not exist on type 'RestAPI'.
src/tools/binance-copy-trading/FutureCopyTrading-api/unfollowTrader.ts(18,66): error TS2339: Property 'unfollowLeadTrader' does not exist on type 'RestAPI'.
src/tools/binance-crypto-loans/fixed-api/adjustLTV.ts(28,65): error TS2339: Property 'cryptoLoanAdjustLtv' does not exist on type 'RestAPI'.
src/tools/binance-crypto-loans/fixed-api/borrow.ts(39,65): error TS2339: Property 'cryptoLoanBorrow' does not exist on type 'RestAPI'.
src/tools/binance-crypto-loans/fixed-api/checkCollateralRate.ts(31,21): error TS2353: Object literal may only specify known properties, and 'repayAmount' does not exist in type 'CheckCollateralRepayRateRequest'.
src/tools/binance-crypto-loans/fixed-api/customizeMarginCall.ts(26,65): error TS2339: Property 'customizeMarginCall' does not exist on type 'RestAPI'.
src/tools/binance-crypto-loans/fixed-api/getFixedCollateralData.ts(26,65): error TS2339: Property 'getCollateralAssetsData' does not exist on type 'RestAPI'.
src/tools/binance-crypto-loans/fixed-api/getFixedLoanData.ts(26,65): error TS2339: Property 'getLoanableAssetsData' does not exist on type 'RestAPI'.
src/tools/binance-crypto-loans/fixed-api/getOngoingOrders.ts(32,65): error TS2339: Property 'getLoanOngoingOrders' does not exist on type 'RestAPI'.
src/tools/binance-crypto-loans/fixed-api/repay.ts(30,65): error TS2339: Property 'cryptoLoanRepay' does not exist on type 'RestAPI'.
src/tools/binance-crypto-loans/flexible-api/adjustLTV.ts(33,21): error TS2322: Type 'string' is not assignable to type 'number'.
src/tools/binance-crypto-loans/flexible-api/borrow.ts(38,84): error TS2345: Argument of type '{ recvWindow?: number | undefined; collateralAmount?: string | undefined; loanAmount?: string | undefined; loanCoin: string; collateralCoin: string; }' is not assignable to parameter of type 'FlexibleLoanBorrowRequest'.
  Types of property 'loanAmount' are incompatible.
    Type 'string | undefined' is not assignable to type 'number | undefined'.
      Type 'string' is not assignable to type 'number'.
src/tools/binance-crypto-loans/flexible-api/repay.ts(35,21): error TS2322: Type 'string' is not assignable to type 'number'.
src/tools/binance-crypto-loans/flexibleLoanBorrowHistory.ts(28,65): error TS2551: Property 'flexibleLoanBorrowHistory' does not exist on type 'RestAPI'. Did you mean 'getFlexibleLoanBorrowHistory'?
src/tools/binance-crypto-loans/flexibleLoanLoanableAssets.ts(16,65): error TS2551: Property 'getFlexibleLoanAssets' does not exist on type 'RestAPI'. Did you mean 'getFlexibleLoanAssetsData'?
src/tools/binance-crypto-loans/flexibleLoanOngoingOrders.ts(24,65): error TS2551: Property 'flexibleLoanOngoingOrders' does not exist on type 'RestAPI'. Did you mean 'getFlexibleLoanOngoingOrders'?
src/tools/binance-crypto-loans/flexibleLoanRepayHistory.ts(28,65): error TS2551: Property 'flexibleLoanRepaymentHistory' does not exist on type 'RestAPI'. Did you mean 'getFlexibleLoanRepaymentHistory'?
src/tools/binance-futures-coinm/account-api/account.ts(21,55): error TS2339: Property 'restAPI' does not exist on type '{ ping: () => Promise<any>; time: () => Promise<any>; exchangeInfo: () => Promise<any>; depth: (params: Record<string, any>) => Promise<any>; ... 36 more ...; closeListenKey: () => Promise<...>; }'.
src/tools/binance-futures-coinm/account-api/adlQuantile.ts(22,55): error TS2339: Property 'restAPI' does not exist on type '{ ping: () => Promise<any>; time: () => Promise<any>; exchangeInfo: () => Promise<any>; depth: (params: Record<string, any>) => Promise<any>; ... 36 more ...; closeListenKey: () => Promise<...>; }'.
src/tools/binance-futures-coinm/account-api/balance.ts(21,55): error TS2339: Property 'restAPI' does not exist on type '{ ping: () => Promise<any>; time: () => Promise<any>; exchangeInfo: () => Promise<any>; depth: (params: Record<string, any>) => Promise<any>; ... 36 more ...; closeListenKey: () => Promise<...>; }'.
src/tools/binance-futures-coinm/account-api/commissionRate.ts(22,55): error TS2339: Property 'restAPI' does not exist on type '{ ping: () => Promise<any>; time: () => Promise<any>; exchangeInfo: () => Promise<any>; depth: (params: Record<string, any>) => Promise<any>; ... 36 more ...; closeListenKey: () => Promise<...>; }'.
src/tools/binance-futures-coinm/account-api/forceOrders.ts(26,55): error TS2339: Property 'restAPI' does not exist on type '{ ping: () => Promise<any>; time: () => Promise<any>; exchangeInfo: () => Promise<any>; depth: (params: Record<string, any>) => Promise<any>; ... 36 more ...; closeListenKey: () => Promise<...>; }'.
src/tools/binance-futures-coinm/account-api/income.ts(30,55): error TS2339: Property 'restAPI' does not exist on type '{ ping: () => Promise<any>; time: () => Promise<any>; exchangeInfo: () => Promise<any>; depth: (params: Record<string, any>) => Promise<any>; ... 36 more ...; closeListenKey: () => Promise<...>; }'.
src/tools/binance-futures-coinm/account-api/leverageBracket.ts(22,55): error TS2339: Property 'restAPI' does not exist on type '{ ping: () => Promise<any>; time: () => Promise<any>; exchangeInfo: () => Promise<any>; depth: (params: Record<string, any>) => Promise<any>; ... 36 more ...; closeListenKey: () => Promise<...>; }'.
src/tools/binance-futures-coinm/account-api/positionMode.ts(21,55): error TS2339: Property 'restAPI' does not exist on type '{ ping: () => Promise<any>; time: () => Promise<any>; exchangeInfo: () => Promise<any>; depth: (params: Record<string, any>) => Promise<any>; ... 36 more ...; closeListenKey: () => Promise<...>; }'.
src/tools/binance-futures-coinm/account-api/positionRisk.ts(23,55): error TS2339: Property 'restAPI' does not exist on type '{ ping: () => Promise<any>; time: () => Promise<any>; exchangeInfo: () => Promise<any>; depth: (params: Record<string, any>) => Promise<any>; ... 36 more ...; closeListenKey: () => Promise<...>; }'.
src/tools/binance-futures-coinm/account-api/userTrades.ts(27,55): error TS2339: Property 'restAPI' does not exist on type '{ ping: () => Promise<any>; time: () => Promise<any>; exchangeInfo: () => Promise<any>; depth: (params: Record<string, any>) => Promise<any>; ... 36 more ...; closeListenKey: () => Promise<...>; }'.
src/tools/binance-futures-coinm/account.ts(15,51): error TS2551: Property 'getAccount' does not exist on type '{ ping: () => Promise<any>; time: () => Promise<any>; exchangeInfo: () => Promise<any>; depth: (params: Record<string, any>) => Promise<any>; ... 36 more ...; closeListenKey: () => Promise<...>; }'. Did you mean 'account'?
src/tools/binance-futures-coinm/balance.ts(15,51): error TS2551: Property 'getBalance' does not exist on type '{ ping: () => Promise<any>; time: () => Promise<any>; exchangeInfo: () => Promise<any>; depth: (params: Record<string, any>) => Promise<any>; ... 36 more ...; closeListenKey: () => Promise<...>; }'. Did you mean 'balance'?
src/tools/binance-futures-coinm/bookTicker.ts(20,51): error TS2339: Property 'tickerBookTicker' does not exist on type '{ ping: () => Promise<any>; time: () => Promise<any>; exchangeInfo: () => Promise<any>; depth: (params: Record<string, any>) => Promise<any>; ... 36 more ...; closeListenKey: () => Promise<...>; }'.
src/tools/binance-futures-coinm/leverage.ts(17,51): error TS2339: Property 'changeInitialLeverage' does not exist on type '{ ping: () => Promise<any>; time: () => Promise<any>; exchangeInfo: () => Promise<any>; depth: (params: Record<string, any>) => Promise<any>; ... 36 more ...; closeListenKey: () => Promise<...>; }'.
src/tools/binance-futures-coinm/market-api/aggTrades.ts(25,55): error TS2339: Property 'restAPI' does not exist on type '{ ping: () => Promise<any>; time: () => Promise<any>; exchangeInfo: () => Promise<any>; depth: (params: Record<string, any>) => Promise<any>; ... 36 more ...; closeListenKey: () => Promise<...>; }'.
src/tools/binance-futures-coinm/market-api/bookTicker.ts(22,55): error TS2339: Property 'restAPI' does not exist on type '{ ping: () => Promise<any>; time: () => Promise<any>; exchangeInfo: () => Promise<any>; depth: (params: Record<string, any>) => Promise<any>; ... 36 more ...; closeListenKey: () => Promise<...>; }'.
src/tools/binance-futures-coinm/market-api/continuousKlines.ts(30,55): error TS2339: Property 'restAPI' does not exist on type '{ ping: () => Promise<any>; time: () => Promise<any>; exchangeInfo: () => Promise<any>; depth: (params: Record<string, any>) => Promise<any>; ... 36 more ...; closeListenKey: () => Promise<...>; }'.
src/tools/binance-futures-coinm/market-api/depth.ts(22,55): error TS2339: Property 'restAPI' does not exist on type '{ ping: () => Promise<any>; time: () => Promise<any>; exchangeInfo: () => Promise<any>; depth: (params: Record<string, any>) => Promise<any>; ... 36 more ...; closeListenKey: () => Promise<...>; }'.
src/tools/binance-futures-coinm/market-api/exchangeInfo.ts(18,55): error TS2339: Property 'restAPI' does not exist on type '{ ping: () => Promise<any>; time: () => Promise<any>; exchangeInfo: () => Promise<any>; depth: (params: Record<string, any>) => Promise<any>; ... 36 more ...; closeListenKey: () => Promise<...>; }'.
src/tools/binance-futures-coinm/market-api/fundingRate.ts(24,55): error TS2339: Property 'restAPI' does not exist on type '{ ping: () => Promise<any>; time: () => Promise<any>; exchangeInfo: () => Promise<any>; depth: (params: Record<string, any>) => Promise<any>; ... 36 more ...; closeListenKey: () => Promise<...>; }'.
src/tools/binance-futures-coinm/market-api/historicalTrades.ts(23,55): error TS2339: Property 'restAPI' does not exist on type '{ ping: () => Promise<any>; time: () => Promise<any>; exchangeInfo: () => Promise<any>; depth: (params: Record<string, any>) => Promise<any>; ... 36 more ...; closeListenKey: () => Promise<...>; }'.
src/tools/binance-futures-coinm/market-api/indexPriceKlines.ts(29,55): error TS2339: Property 'restAPI' does not exist on type '{ ping: () => Promise<any>; time: () => Promise<any>; exchangeInfo: () => Promise<any>; depth: (params: Record<string, any>) => Promise<any>; ... 36 more ...; closeListenKey: () => Promise<...>; }'.
src/tools/binance-futures-coinm/market-api/klines.ts(29,55): error TS2339: Property 'restAPI' does not exist on type '{ ping: () => Promise<any>; time: () => Promise<any>; exchangeInfo: () => Promise<any>; depth: (params: Record<string, any>) => Promise<any>; ... 36 more ...; closeListenKey: () => Promise<...>; }'.
src/tools/binance-futures-coinm/market-api/markPriceKlines.ts(29,55): error TS2339: Property 'restAPI' does not exist on type '{ ping: () => Promise<any>; time: () => Promise<any>; exchangeInfo: () => Promise<any>; depth: (params: Record<string, any>) => Promise<any>; ... 36 more ...; closeListenKey: () => Promise<...>; }'.
src/tools/binance-futures-coinm/market-api/openInterest.ts(21,55): error TS2339: Property 'restAPI' does not exist on type '{ ping: () => Promise<any>; time: () => Promise<any>; exchangeInfo: () => Promise<any>; depth: (params: Record<string, any>) => Promise<any>; ... 36 more ...; closeListenKey: () => Promise<...>; }'.
src/tools/binance-futures-coinm/market-api/openInterestHist.ts(26,55): error TS2339: Property 'restAPI' does not exist on type '{ ping: () => Promise<any>; time: () => Promise<any>; exchangeInfo: () => Promise<any>; depth: (params: Record<string, any>) => Promise<any>; ... 36 more ...; closeListenKey: () => Promise<...>; }'.
src/tools/binance-futures-coinm/market-api/ping.ts(18,55): error TS2339: Property 'restAPI' does not exist on type '{ ping: () => Promise<any>; time: () => Promise<any>; exchangeInfo: () => Promise<any>; depth: (params: Record<string, any>) => Promise<any>; ... 36 more ...; closeListenKey: () => Promise<...>; }'.
src/tools/binance-futures-coinm/market-api/premiumIndex.ts(21,55): error TS2339: Property 'restAPI' does not exist on type '{ ping: () => Promise<any>; time: () => Promise<any>; exchangeInfo: () => Promise<any>; depth: (params: Record<string, any>) => Promise<any>; ... 36 more ...; closeListenKey: () => Promise<...>; }'.
src/tools/binance-futures-coinm/market-api/ticker24hr.ts(22,55): error TS2339: Property 'restAPI' does not exist on type '{ ping: () => Promise<any>; time: () => Promise<any>; exchangeInfo: () => Promise<any>; depth: (params: Record<string, any>) => Promise<any>; ... 36 more ...; closeListenKey: () => Promise<...>; }'.
src/tools/binance-futures-coinm/market-api/tickerPrice.ts(22,55): error TS2339: Property 'restAPI' does not exist on type '{ ping: () => Promise<any>; time: () => Promise<any>; exchangeInfo: () => Promise<any>; depth: (params: Record<string, any>) => Promise<any>; ... 36 more ...; closeListenKey: () => Promise<...>; }'.
src/tools/binance-futures-coinm/market-api/time.ts(18,55): error TS2339: Property 'restAPI' does not exist on type '{ ping: () => Promise<any>; time: () => Promise<any>; exchangeInfo: () => Promise<any>; depth: (params: Record<string, any>) => Promise<any>; ... 36 more ...; closeListenKey: () => Promise<...>; }'.
src/tools/binance-futures-coinm/market-api/trades.ts(22,55): error TS2339: Property 'restAPI' does not exist on type '{ ping: () => Promise<any>; time: () => Promise<any>; exchangeInfo: () => Promise<any>; depth: (params: Record<string, any>) => Promise<any>; ... 36 more ...; closeListenKey: () => Promise<...>; }'.
src/tools/binance-futures-coinm/positionMode.ts(15,51): error TS2339: Property 'positionSideDual' does not exist on type '{ ping: () => Promise<any>; time: () => Promise<any>; exchangeInfo: () => Promise<any>; depth: (params: Record<string, any>) => Promise<any>; ... 36 more ...; closeListenKey: () => Promise<...>; }'.
src/tools/binance-futures-coinm/positionRisk.ts(17,51): error TS2551: Property 'getPositionRisk' does not exist on type '{ ping: () => Promise<any>; time: () => Promise<any>; exchangeInfo: () => Promise<any>; depth: (params: Record<string, any>) => Promise<any>; ... 36 more ...; closeListenKey: () => Promise<...>; }'. Did you mean 'positionRisk'?
src/tools/binance-futures-coinm/trade-api/allOrders.ts(27,55): error TS2339: Property 'restAPI' does not exist on type '{ ping: () => Promise<any>; time: () => Promise<any>; exchangeInfo: () => Promise<any>; depth: (params: Record<string, any>) => Promise<any>; ... 36 more ...; closeListenKey: () => Promise<...>; }'.
src/tools/binance-futures-coinm/trade-api/batchOrders.ts(30,55): error TS2339: Property 'restAPI' does not exist on type '{ ping: () => Promise<any>; time: () => Promise<any>; exchangeInfo: () => Promise<any>; depth: (params: Record<string, any>) => Promise<any>; ... 36 more ...; closeListenKey: () => Promise<...>; }'.
src/tools/binance-futures-coinm/trade-api/cancelAllOrders.ts(22,55): error TS2339: Property 'restAPI' does not exist on type '{ ping: () => Promise<any>; time: () => Promise<any>; exchangeInfo: () => Promise<any>; depth: (params: Record<string, any>) => Promise<any>; ... 36 more ...; closeListenKey: () => Promise<...>; }'.
src/tools/binance-futures-coinm/trade-api/cancelBatchOrders.ts(31,55): error TS2339: Property 'restAPI' does not exist on type '{ ping: () => Promise<any>; time: () => Promise<any>; exchangeInfo: () => Promise<any>; depth: (params: Record<string, any>) => Promise<any>; ... 36 more ...; closeListenKey: () => Promise<...>; }'.
src/tools/binance-futures-coinm/trade-api/cancelOrder.ts(31,55): error TS2339: Property 'restAPI' does not exist on type '{ ping: () => Promise<any>; time: () => Promise<any>; exchangeInfo: () => Promise<any>; depth: (params: Record<string, any>) => Promise<any>; ... 36 more ...; closeListenKey: () => Promise<...>; }'.
src/tools/binance-futures-coinm/trade-api/changeLeverage.ts(23,55): error TS2339: Property 'restAPI' does not exist on type '{ ping: () => Promise<any>; time: () => Promise<any>; exchangeInfo: () => Promise<any>; depth: (params: Record<string, any>) => Promise<any>; ... 36 more ...; closeListenKey: () => Promise<...>; }'.
src/tools/binance-futures-coinm/trade-api/changeMarginType.ts(23,55): error TS2339: Property 'restAPI' does not exist on type '{ ping: () => Promise<any>; time: () => Promise<any>; exchangeInfo: () => Promise<any>; depth: (params: Record<string, any>) => Promise<any>; ... 36 more ...; closeListenKey: () => Promise<...>; }'.
src/tools/binance-futures-coinm/trade-api/changePositionMode.ts(22,55): error TS2339: Property 'restAPI' does not exist on type '{ ping: () => Promise<any>; time: () => Promise<any>; exchangeInfo: () => Promise<any>; depth: (params: Record<string, any>) => Promise<any>; ... 36 more ...; closeListenKey: () => Promise<...>; }'.
src/tools/binance-futures-coinm/trade-api/countdownCancelAll.ts(23,55): error TS2339: Property 'restAPI' does not exist on type '{ ping: () => Promise<any>; time: () => Promise<any>; exchangeInfo: () => Promise<any>; depth: (params: Record<string, any>) => Promise<any>; ... 36 more ...; closeListenKey: () => Promise<...>; }'.
src/tools/binance-futures-coinm/trade-api/getAllOrders.ts(27,55): error TS2339: Property 'restAPI' does not exist on type '{ ping: () => Promise<any>; time: () => Promise<any>; exchangeInfo: () => Promise<any>; depth: (params: Record<string, any>) => Promise<any>; ... 36 more ...; closeListenKey: () => Promise<...>; }'.
src/tools/binance-futures-coinm/trade-api/getOrder.ts(31,55): error TS2339: Property 'restAPI' does not exist on type '{ ping: () => Promise<any>; time: () => Promise<any>; exchangeInfo: () => Promise<any>; depth: (params: Record<string, any>) => Promise<any>; ... 36 more ...; closeListenKey: () => Promise<...>; }'.
src/tools/binance-futures-coinm/trade-api/modifyIsolatedPositionMargin.ts(25,55): error TS2339: Property 'restAPI' does not exist on type '{ ping: () => Promise<any>; time: () => Promise<any>; exchangeInfo: () => Promise<any>; depth: (params: Record<string, any>) => Promise<any>; ... 36 more ...; closeListenKey: () => Promise<...>; }'.
src/tools/binance-futures-coinm/trade-api/newOrder.ts(40,55): error TS2339: Property 'restAPI' does not exist on type '{ ping: () => Promise<any>; time: () => Promise<any>; exchangeInfo: () => Promise<any>; depth: (params: Record<string, any>) => Promise<any>; ... 36 more ...; closeListenKey: () => Promise<...>; }'.
src/tools/binance-futures-coinm/trade-api/openOrder.ts(31,55): error TS2339: Property 'restAPI' does not exist on type '{ ping: () => Promise<any>; time: () => Promise<any>; exchangeInfo: () => Promise<any>; depth: (params: Record<string, any>) => Promise<any>; ... 36 more ...; closeListenKey: () => Promise<...>; }'.
src/tools/binance-futures-coinm/trade-api/openOrders.ts(23,55): error TS2339: Property 'restAPI' does not exist on type '{ ping: () => Promise<any>; time: () => Promise<any>; exchangeInfo: () => Promise<any>; depth: (params: Record<string, any>) => Promise<any>; ... 36 more ...; closeListenKey: () => Promise<...>; }'.
src/tools/binance-futures-coinm/userdatastream-api/closeListenKey.ts(22,55): error TS2339: Property 'restAPI' does not exist on type '{ ping: () => Promise<any>; time: () => Promise<any>; exchangeInfo: () => Promise<any>; depth: (params: Record<string, any>) => Promise<any>; ... 36 more ...; closeListenKey: () => Promise<...>; }'.
src/tools/binance-futures-coinm/userdatastream-api/createListenKey.ts(21,55): error TS2339: Property 'restAPI' does not exist on type '{ ping: () => Promise<any>; time: () => Promise<any>; exchangeInfo: () => Promise<any>; depth: (params: Record<string, any>) => Promise<any>; ... 36 more ...; closeListenKey: () => Promise<...>; }'.
src/tools/binance-futures-coinm/userdatastream-api/keepAliveListenKey.ts(22,55): error TS2339: Property 'restAPI' does not exist on type '{ ping: () => Promise<any>; time: () => Promise<any>; exchangeInfo: () => Promise<any>; depth: (params: Record<string, any>) => Promise<any>; ... 36 more ...; closeListenKey: () => Promise<...>; }'.
src/tools/binance-futures-usdm/account-api/account.ts(21,54): error TS2339: Property 'restAPI' does not exist on type '{ ping: () => Promise<any>; time: () => Promise<any>; exchangeInfo: () => Promise<any>; depth: (params: Record<string, any>) => Promise<any>; ... 36 more ...; closeListenKey: () => Promise<...>; }'.
src/tools/binance-futures-usdm/account-api/adlQuantile.ts(22,54): error TS2339: Property 'restAPI' does not exist on type '{ ping: () => Promise<any>; time: () => Promise<any>; exchangeInfo: () => Promise<any>; depth: (params: Record<string, any>) => Promise<any>; ... 36 more ...; closeListenKey: () => Promise<...>; }'.
src/tools/binance-futures-usdm/account-api/apiTradingStatus.ts(22,54): error TS2339: Property 'restAPI' does not exist on type '{ ping: () => Promise<any>; time: () => Promise<any>; exchangeInfo: () => Promise<any>; depth: (params: Record<string, any>) => Promise<any>; ... 36 more ...; closeListenKey: () => Promise<...>; }'.
src/tools/binance-futures-usdm/account-api/balance.ts(21,54): error TS2339: Property 'restAPI' does not exist on type '{ ping: () => Promise<any>; time: () => Promise<any>; exchangeInfo: () => Promise<any>; depth: (params: Record<string, any>) => Promise<any>; ... 36 more ...; closeListenKey: () => Promise<...>; }'.
src/tools/binance-futures-usdm/account-api/commissionRate.ts(22,54): error TS2339: Property 'restAPI' does not exist on type '{ ping: () => Promise<any>; time: () => Promise<any>; exchangeInfo: () => Promise<any>; depth: (params: Record<string, any>) => Promise<any>; ... 36 more ...; closeListenKey: () => Promise<...>; }'.
src/tools/binance-futures-usdm/account-api/downloadId.ts(23,54): error TS2339: Property 'restAPI' does not exist on type '{ ping: () => Promise<any>; time: () => Promise<any>; exchangeInfo: () => Promise<any>; depth: (params: Record<string, any>) => Promise<any>; ... 36 more ...; closeListenKey: () => Promise<...>; }'.
src/tools/binance-futures-usdm/account-api/forceOrders.ts(26,54): error TS2339: Property 'restAPI' does not exist on type '{ ping: () => Promise<any>; time: () => Promise<any>; exchangeInfo: () => Promise<any>; depth: (params: Record<string, any>) => Promise<any>; ... 36 more ...; closeListenKey: () => Promise<...>; }'.
src/tools/binance-futures-usdm/account-api/income.ts(32,54): error TS2339: Property 'restAPI' does not exist on type '{ ping: () => Promise<any>; time: () => Promise<any>; exchangeInfo: () => Promise<any>; depth: (params: Record<string, any>) => Promise<any>; ... 36 more ...; closeListenKey: () => Promise<...>; }'.
src/tools/binance-futures-usdm/account-api/leverage.ts(23,54): error TS2339: Property 'restAPI' does not exist on type '{ ping: () => Promise<any>; time: () => Promise<any>; exchangeInfo: () => Promise<any>; depth: (params: Record<string, any>) => Promise<any>; ... 36 more ...; closeListenKey: () => Promise<...>; }'.
src/tools/binance-futures-usdm/account-api/leverageBracket.ts(22,54): error TS2339: Property 'restAPI' does not exist on type '{ ping: () => Promise<any>; time: () => Promise<any>; exchangeInfo: () => Promise<any>; depth: (params: Record<string, any>) => Promise<any>; ... 36 more ...; closeListenKey: () => Promise<...>; }'.
src/tools/binance-futures-usdm/account-api/marginType.ts(23,54): error TS2339: Property 'restAPI' does not exist on type '{ ping: () => Promise<any>; time: () => Promise<any>; exchangeInfo: () => Promise<any>; depth: (params: Record<string, any>) => Promise<any>; ... 36 more ...; closeListenKey: () => Promise<...>; }'.
src/tools/binance-futures-usdm/account-api/multiAssetsMode.ts(21,54): error TS2339: Property 'restAPI' does not exist on type '{ ping: () => Promise<any>; time: () => Promise<any>; exchangeInfo: () => Promise<any>; depth: (params: Record<string, any>) => Promise<any>; ... 36 more ...; closeListenKey: () => Promise<...>; }'.
src/tools/binance-futures-usdm/account-api/positionMargin.ts(26,54): error TS2339: Property 'restAPI' does not exist on type '{ ping: () => Promise<any>; time: () => Promise<any>; exchangeInfo: () => Promise<any>; depth: (params: Record<string, any>) => Promise<any>; ... 36 more ...; closeListenKey: () => Promise<...>; }'.
src/tools/binance-futures-usdm/account-api/positionMargin.ts(64,54): error TS2339: Property 'restAPI' does not exist on type '{ ping: () => Promise<any>; time: () => Promise<any>; exchangeInfo: () => Promise<any>; depth: (params: Record<string, any>) => Promise<any>; ... 36 more ...; closeListenKey: () => Promise<...>; }'.
src/tools/binance-futures-usdm/account-api/positionMode.ts(21,54): error TS2339: Property 'restAPI' does not exist on type '{ ping: () => Promise<any>; time: () => Promise<any>; exchangeInfo: () => Promise<any>; depth: (params: Record<string, any>) => Promise<any>; ... 36 more ...; closeListenKey: () => Promise<...>; }'.
src/tools/binance-futures-usdm/account-api/positionRisk.ts(22,54): error TS2339: Property 'restAPI' does not exist on type '{ ping: () => Promise<any>; time: () => Promise<any>; exchangeInfo: () => Promise<any>; depth: (params: Record<string, any>) => Promise<any>; ... 36 more ...; closeListenKey: () => Promise<...>; }'.
src/tools/binance-futures-usdm/account-api/userTrades.ts(27,54): error TS2339: Property 'restAPI' does not exist on type '{ ping: () => Promise<any>; time: () => Promise<any>; exchangeInfo: () => Promise<any>; depth: (params: Record<string, any>) => Promise<any>; ... 36 more ...; closeListenKey: () => Promise<...>; }'.
src/tools/binance-futures-usdm/market-api/aggTrades.ts(25,54): error TS2339: Property 'restAPI' does not exist on type '{ ping: () => Promise<any>; time: () => Promise<any>; exchangeInfo: () => Promise<any>; depth: (params: Record<string, any>) => Promise<any>; ... 36 more ...; closeListenKey: () => Promise<...>; }'.
src/tools/binance-futures-usdm/market-api/assetIndex.ts(21,54): error TS2339: Property 'restAPI' does not exist on type '{ ping: () => Promise<any>; time: () => Promise<any>; exchangeInfo: () => Promise<any>; depth: (params: Record<string, any>) => Promise<any>; ... 36 more ...; closeListenKey: () => Promise<...>; }'.
src/tools/binance-futures-usdm/market-api/continuousKlines.ts(31,54): error TS2339: Property 'restAPI' does not exist on type '{ ping: () => Promise<any>; time: () => Promise<any>; exchangeInfo: () => Promise<any>; depth: (params: Record<string, any>) => Promise<any>; ... 36 more ...; closeListenKey: () => Promise<...>; }'.
src/tools/binance-futures-usdm/market-api/depth.ts(22,54): error TS2339: Property 'restAPI' does not exist on type '{ ping: () => Promise<any>; time: () => Promise<any>; exchangeInfo: () => Promise<any>; depth: (params: Record<string, any>) => Promise<any>; ... 36 more ...; closeListenKey: () => Promise<...>; }'.
src/tools/binance-futures-usdm/market-api/exchangeInfo.ts(18,54): error TS2339: Property 'restAPI' does not exist on type '{ ping: () => Promise<any>; time: () => Promise<any>; exchangeInfo: () => Promise<any>; depth: (params: Record<string, any>) => Promise<any>; ... 36 more ...; closeListenKey: () => Promise<...>; }'.
src/tools/binance-futures-usdm/market-api/fundingInfo.ts(18,54): error TS2339: Property 'restAPI' does not exist on type '{ ping: () => Promise<any>; time: () => Promise<any>; exchangeInfo: () => Promise<any>; depth: (params: Record<string, any>) => Promise<any>; ... 36 more ...; closeListenKey: () => Promise<...>; }'.
src/tools/binance-futures-usdm/market-api/fundingRate.ts(24,54): error TS2339: Property 'restAPI' does not exist on type '{ ping: () => Promise<any>; time: () => Promise<any>; exchangeInfo: () => Promise<any>; depth: (params: Record<string, any>) => Promise<any>; ... 36 more ...; closeListenKey: () => Promise<...>; }'.
src/tools/binance-futures-usdm/market-api/globalLongShortAccountRatio.ts(25,54): error TS2339: Property 'restAPI' does not exist on type '{ ping: () => Promise<any>; time: () => Promise<any>; exchangeInfo: () => Promise<any>; depth: (params: Record<string, any>) => Promise<any>; ... 36 more ...; closeListenKey: () => Promise<...>; }'.
src/tools/binance-futures-usdm/market-api/historicalTrades.ts(23,54): error TS2339: Property 'restAPI' does not exist on type '{ ping: () => Promise<any>; time: () => Promise<any>; exchangeInfo: () => Promise<any>; depth: (params: Record<string, any>) => Promise<any>; ... 36 more ...; closeListenKey: () => Promise<...>; }'.
src/tools/binance-futures-usdm/market-api/indexInfo.ts(21,54): error TS2339: Property 'restAPI' does not exist on type '{ ping: () => Promise<any>; time: () => Promise<any>; exchangeInfo: () => Promise<any>; depth: (params: Record<string, any>) => Promise<any>; ... 36 more ...; closeListenKey: () => Promise<...>; }'.
src/tools/binance-futures-usdm/market-api/indexPriceKlines.ts(29,54): error TS2339: Property 'restAPI' does not exist on type '{ ping: () => Promise<any>; time: () => Promise<any>; exchangeInfo: () => Promise<any>; depth: (params: Record<string, any>) => Promise<any>; ... 36 more ...; closeListenKey: () => Promise<...>; }'.
src/tools/binance-futures-usdm/market-api/klines.ts(29,54): error TS2339: Property 'restAPI' does not exist on type '{ ping: () => Promise<any>; time: () => Promise<any>; exchangeInfo: () => Promise<any>; depth: (params: Record<string, any>) => Promise<any>; ... 36 more ...; closeListenKey: () => Promise<...>; }'.
src/tools/binance-futures-usdm/market-api/lvtKlines.ts(29,54): error TS2339: Property 'restAPI' does not exist on type '{ ping: () => Promise<any>; time: () => Promise<any>; exchangeInfo: () => Promise<any>; depth: (params: Record<string, any>) => Promise<any>; ... 36 more ...; closeListenKey: () => Promise<...>; }'.
src/tools/binance-futures-usdm/market-api/markPriceKlines.ts(29,54): error TS2339: Property 'restAPI' does not exist on type '{ ping: () => Promise<any>; time: () => Promise<any>; exchangeInfo: () => Promise<any>; depth: (params: Record<string, any>) => Promise<any>; ... 36 more ...; closeListenKey: () => Promise<...>; }'.
src/tools/binance-futures-usdm/market-api/openInterest.ts(21,54): error TS2339: Property 'restAPI' does not exist on type '{ ping: () => Promise<any>; time: () => Promise<any>; exchangeInfo: () => Promise<any>; depth: (params: Record<string, any>) => Promise<any>; ... 36 more ...; closeListenKey: () => Promise<...>; }'.
src/tools/binance-futures-usdm/market-api/openInterestHist.ts(25,54): error TS2339: Property 'restAPI' does not exist on type '{ ping: () => Promise<any>; time: () => Promise<any>; exchangeInfo: () => Promise<any>; depth: (params: Record<string, any>) => Promise<any>; ... 36 more ...; closeListenKey: () => Promise<...>; }'.
src/tools/binance-futures-usdm/market-api/ping.ts(18,54): error TS2339: Property 'restAPI' does not exist on type '{ ping: () => Promise<any>; time: () => Promise<any>; exchangeInfo: () => Promise<any>; depth: (params: Record<string, any>) => Promise<any>; ... 36 more ...; closeListenKey: () => Promise<...>; }'.
src/tools/binance-futures-usdm/market-api/premiumIndex.ts(21,54): error TS2339: Property 'restAPI' does not exist on type '{ ping: () => Promise<any>; time: () => Promise<any>; exchangeInfo: () => Promise<any>; depth: (params: Record<string, any>) => Promise<any>; ... 36 more ...; closeListenKey: () => Promise<...>; }'.
src/tools/binance-futures-usdm/market-api/takerLongShortRatio.ts(25,54): error TS2339: Property 'restAPI' does not exist on type '{ ping: () => Promise<any>; time: () => Promise<any>; exchangeInfo: () => Promise<any>; depth: (params: Record<string, any>) => Promise<any>; ... 36 more ...; closeListenKey: () => Promise<...>; }'.
src/tools/binance-futures-usdm/market-api/ticker24hr.ts(21,54): error TS2339: Property 'restAPI' does not exist on type '{ ping: () => Promise<any>; time: () => Promise<any>; exchangeInfo: () => Promise<any>; depth: (params: Record<string, any>) => Promise<any>; ... 36 more ...; closeListenKey: () => Promise<...>; }'.
src/tools/binance-futures-usdm/market-api/tickerBookTicker.ts(21,54): error TS2339: Property 'restAPI' does not exist on type '{ ping: () => Promise<any>; time: () => Promise<any>; exchangeInfo: () => Promise<any>; depth: (params: Record<string, any>) => Promise<any>; ... 36 more ...; closeListenKey: () => Promise<...>; }'.
src/tools/binance-futures-usdm/market-api/tickerPrice.ts(21,54): error TS2339: Property 'restAPI' does not exist on type '{ ping: () => Promise<any>; time: () => Promise<any>; exchangeInfo: () => Promise<any>; depth: (params: Record<string, any>) => Promise<any>; ... 36 more ...; closeListenKey: () => Promise<...>; }'.
src/tools/binance-futures-usdm/market-api/time.ts(18,54): error TS2339: Property 'restAPI' does not exist on type '{ ping: () => Promise<any>; time: () => Promise<any>; exchangeInfo: () => Promise<any>; depth: (params: Record<string, any>) => Promise<any>; ... 36 more ...; closeListenKey: () => Promise<...>; }'.
src/tools/binance-futures-usdm/market-api/topLongShortAccountRatio.ts(25,54): error TS2339: Property 'restAPI' does not exist on type '{ ping: () => Promise<any>; time: () => Promise<any>; exchangeInfo: () => Promise<any>; depth: (params: Record<string, any>) => Promise<any>; ... 36 more ...; closeListenKey: () => Promise<...>; }'.
src/tools/binance-futures-usdm/market-api/topLongShortPositionRatio.ts(25,54): error TS2339: Property 'restAPI' does not exist on type '{ ping: () => Promise<any>; time: () => Promise<any>; exchangeInfo: () => Promise<any>; depth: (params: Record<string, any>) => Promise<any>; ... 36 more ...; closeListenKey: () => Promise<...>; }'.
src/tools/binance-futures-usdm/market-api/trades.ts(22,54): error TS2339: Property 'restAPI' does not exist on type '{ ping: () => Promise<any>; time: () => Promise<any>; exchangeInfo: () => Promise<any>; depth: (params: Record<string, any>) => Promise<any>; ... 36 more ...; closeListenKey: () => Promise<...>; }'.
src/tools/binance-futures-usdm/multiAssetsMode.ts(15,50): error TS2339: Property 'multiAssetsMargin' does not exist on type '{ ping: () => Promise<any>; time: () => Promise<any>; exchangeInfo: () => Promise<any>; depth: (params: Record<string, any>) => Promise<any>; ... 36 more ...; closeListenKey: () => Promise<...>; }'.
src/tools/binance-futures-usdm/trade-api/allOrders.ts(25,54): error TS2339: Property 'restAPI' does not exist on type '{ ping: () => Promise<any>; time: () => Promise<any>; exchangeInfo: () => Promise<any>; depth: (params: Record<string, any>) => Promise<any>; ... 36 more ...; closeListenKey: () => Promise<...>; }'.
src/tools/binance-futures-usdm/trade-api/batchOrders.ts(40,54): error TS2339: Property 'restAPI' does not exist on type '{ ping: () => Promise<any>; time: () => Promise<any>; exchangeInfo: () => Promise<any>; depth: (params: Record<string, any>) => Promise<any>; ... 36 more ...; closeListenKey: () => Promise<...>; }'.
src/tools/binance-futures-usdm/trade-api/cancelAllOpenOrders.ts(21,54): error TS2339: Property 'restAPI' does not exist on type '{ ping: () => Promise<any>; time: () => Promise<any>; exchangeInfo: () => Promise<any>; depth: (params: Record<string, any>) => Promise<any>; ... 36 more ...; closeListenKey: () => Promise<...>; }'.
src/tools/binance-futures-usdm/trade-api/cancelAllOrders.ts(22,54): error TS2339: Property 'restAPI' does not exist on type '{ ping: () => Promise<any>; time: () => Promise<any>; exchangeInfo: () => Promise<any>; depth: (params: Record<string, any>) => Promise<any>; ... 36 more ...; closeListenKey: () => Promise<...>; }'.
src/tools/binance-futures-usdm/trade-api/cancelBatchOrders.ts(31,54): error TS2339: Property 'restAPI' does not exist on type '{ ping: () => Promise<any>; time: () => Promise<any>; exchangeInfo: () => Promise<any>; depth: (params: Record<string, any>) => Promise<any>; ... 36 more ...; closeListenKey: () => Promise<...>; }'.
src/tools/binance-futures-usdm/trade-api/cancelOrder.ts(31,54): error TS2339: Property 'restAPI' does not exist on type '{ ping: () => Promise<any>; time: () => Promise<any>; exchangeInfo: () => Promise<any>; depth: (params: Record<string, any>) => Promise<any>; ... 36 more ...; closeListenKey: () => Promise<...>; }'.
src/tools/binance-futures-usdm/trade-api/changeLeverage.ts(23,54): error TS2339: Property 'restAPI' does not exist on type '{ ping: () => Promise<any>; time: () => Promise<any>; exchangeInfo: () => Promise<any>; depth: (params: Record<string, any>) => Promise<any>; ... 36 more ...; closeListenKey: () => Promise<...>; }'.
src/tools/binance-futures-usdm/trade-api/changeMarginType.ts(23,54): error TS2339: Property 'restAPI' does not exist on type '{ ping: () => Promise<any>; time: () => Promise<any>; exchangeInfo: () => Promise<any>; depth: (params: Record<string, any>) => Promise<any>; ... 36 more ...; closeListenKey: () => Promise<...>; }'.
src/tools/binance-futures-usdm/trade-api/changeMultiAssetsMode.ts(22,54): error TS2339: Property 'restAPI' does not exist on type '{ ping: () => Promise<any>; time: () => Promise<any>; exchangeInfo: () => Promise<any>; depth: (params: Record<string, any>) => Promise<any>; ... 36 more ...; closeListenKey: () => Promise<...>; }'.
src/tools/binance-futures-usdm/trade-api/changePositionMode.ts(22,54): error TS2339: Property 'restAPI' does not exist on type '{ ping: () => Promise<any>; time: () => Promise<any>; exchangeInfo: () => Promise<any>; depth: (params: Record<string, any>) => Promise<any>; ... 36 more ...; closeListenKey: () => Promise<...>; }'.
src/tools/binance-futures-usdm/trade-api/countdownCancelAll.ts(23,54): error TS2339: Property 'restAPI' does not exist on type '{ ping: () => Promise<any>; time: () => Promise<any>; exchangeInfo: () => Promise<any>; depth: (params: Record<string, any>) => Promise<any>; ... 36 more ...; closeListenKey: () => Promise<...>; }'.
src/tools/binance-futures-usdm/trade-api/getAllOrders.ts(26,54): error TS2339: Property 'restAPI' does not exist on type '{ ping: () => Promise<any>; time: () => Promise<any>; exchangeInfo: () => Promise<any>; depth: (params: Record<string, any>) => Promise<any>; ... 36 more ...; closeListenKey: () => Promise<...>; }'.
src/tools/binance-futures-usdm/trade-api/getOpenOrder.ts(31,54): error TS2339: Property 'restAPI' does not exist on type '{ ping: () => Promise<any>; time: () => Promise<any>; exchangeInfo: () => Promise<any>; depth: (params: Record<string, any>) => Promise<any>; ... 36 more ...; closeListenKey: () => Promise<...>; }'.
src/tools/binance-futures-usdm/trade-api/getOpenOrders.ts(22,54): error TS2339: Property 'restAPI' does not exist on type '{ ping: () => Promise<any>; time: () => Promise<any>; exchangeInfo: () => Promise<any>; depth: (params: Record<string, any>) => Promise<any>; ... 36 more ...; closeListenKey: () => Promise<...>; }'.
src/tools/binance-futures-usdm/trade-api/getOrder.ts(31,54): error TS2339: Property 'restAPI' does not exist on type '{ ping: () => Promise<any>; time: () => Promise<any>; exchangeInfo: () => Promise<any>; depth: (params: Record<string, any>) => Promise<any>; ... 36 more ...; closeListenKey: () => Promise<...>; }'.
src/tools/binance-futures-usdm/trade-api/modifyIsolatedPositionMargin.ts(25,54): error TS2339: Property 'restAPI' does not exist on type '{ ping: () => Promise<any>; time: () => Promise<any>; exchangeInfo: () => Promise<any>; depth: (params: Record<string, any>) => Promise<any>; ... 36 more ...; closeListenKey: () => Promise<...>; }'.
src/tools/binance-futures-usdm/trade-api/modifyOrder.ts(35,54): error TS2339: Property 'restAPI' does not exist on type '{ ping: () => Promise<any>; time: () => Promise<any>; exchangeInfo: () => Promise<any>; depth: (params: Record<string, any>) => Promise<any>; ... 36 more ...; closeListenKey: () => Promise<...>; }'.
src/tools/binance-futures-usdm/trade-api/newOrder.ts(40,54): error TS2339: Property 'restAPI' does not exist on type '{ ping: () => Promise<any>; time: () => Promise<any>; exchangeInfo: () => Promise<any>; depth: (params: Record<string, any>) => Promise<any>; ... 36 more ...; closeListenKey: () => Promise<...>; }'.
src/tools/binance-futures-usdm/trade-api/openOrder.ts(35,54): error TS2339: Property 'restAPI' does not exist on type '{ ping: () => Promise<any>; time: () => Promise<any>; exchangeInfo: () => Promise<any>; depth: (params: Record<string, any>) => Promise<any>; ... 36 more ...; closeListenKey: () => Promise<...>; }'.
src/tools/binance-futures-usdm/trade-api/openOrders.ts(21,54): error TS2339: Property 'restAPI' does not exist on type '{ ping: () => Promise<any>; time: () => Promise<any>; exchangeInfo: () => Promise<any>; depth: (params: Record<string, any>) => Promise<any>; ... 36 more ...; closeListenKey: () => Promise<...>; }'.
src/tools/binance-futures-usdm/trade-api/positionMarginHistory.ts(26,54): error TS2339: Property 'restAPI' does not exist on type '{ ping: () => Promise<any>; time: () => Promise<any>; exchangeInfo: () => Promise<any>; depth: (params: Record<string, any>) => Promise<any>; ... 36 more ...; closeListenKey: () => Promise<...>; }'.
src/tools/binance-futures-usdm/userdatastream-api/closeListenKey.ts(22,54): error TS2339: Property 'restAPI' does not exist on type '{ ping: () => Promise<any>; time: () => Promise<any>; exchangeInfo: () => Promise<any>; depth: (params: Record<string, any>) => Promise<any>; ... 36 more ...; closeListenKey: () => Promise<...>; }'.
src/tools/binance-futures-usdm/userdatastream-api/createListenKey.ts(21,54): error TS2339: Property 'restAPI' does not exist on type '{ ping: () => Promise<any>; time: () => Promise<any>; exchangeInfo: () => Promise<any>; depth: (params: Record<string, any>) => Promise<any>; ... 36 more ...; closeListenKey: () => Promise<...>; }'.
src/tools/binance-futures-usdm/userdatastream-api/keepAliveListenKey.ts(22,54): error TS2339: Property 'restAPI' does not exist on type '{ ping: () => Promise<any>; time: () => Promise<any>; exchangeInfo: () => Promise<any>; depth: (params: Record<string, any>) => Promise<any>; ... 36 more ...; closeListenKey: () => Promise<...>; }'.
src/tools/binance-gift-card/createDualTokenGiftCard.ts(25,55): error TS2339: Property 'restAPI' does not exist on type '{ createCode: (params?: Record<string, any>) => Promise<any>; createDualTokenCode: (params?: Record<string, any>) => Promise<any>; redeemCode: (params?: Record<...>) => Promise<...>; verify: (params?: Record<...>) => Promise<...>; rsaPublicKey: (params?: Record<...>) => Promise<...>; buyCode: (params?: Record<...>) ...'.
src/tools/binance-gift-card/createGiftCard.ts(23,55): error TS2339: Property 'restAPI' does not exist on type '{ createCode: (params?: Record<string, any>) => Promise<any>; createDualTokenCode: (params?: Record<string, any>) => Promise<any>; redeemCode: (params?: Record<...>) => Promise<...>; verify: (params?: Record<...>) => Promise<...>; rsaPublicKey: (params?: Record<...>) => Promise<...>; buyCode: (params?: Record<...>) ...'.
src/tools/binance-gift-card/redeemDualTokenGiftCard.ts(23,55): error TS2339: Property 'restAPI' does not exist on type '{ createCode: (params?: Record<string, any>) => Promise<any>; createDualTokenCode: (params?: Record<string, any>) => Promise<any>; redeemCode: (params?: Record<...>) => Promise<...>; verify: (params?: Record<...>) => Promise<...>; rsaPublicKey: (params?: Record<...>) => Promise<...>; buyCode: (params?: Record<...>) ...'.
src/tools/binance-gift-card/redeemGiftCard.ts(23,55): error TS2339: Property 'restAPI' does not exist on type '{ createCode: (params?: Record<string, any>) => Promise<any>; createDualTokenCode: (params?: Record<string, any>) => Promise<any>; redeemCode: (params?: Record<...>) => Promise<...>; verify: (params?: Record<...>) => Promise<...>; rsaPublicKey: (params?: Record<...>) => Promise<...>; buyCode: (params?: Record<...>) ...'.
src/tools/binance-gift-card/tokenLimit.ts(22,55): error TS2339: Property 'restAPI' does not exist on type '{ createCode: (params?: Record<string, any>) => Promise<any>; createDualTokenCode: (params?: Record<string, any>) => Promise<any>; redeemCode: (params?: Record<...>) => Promise<...>; verify: (params?: Record<...>) => Promise<...>; rsaPublicKey: (params?: Record<...>) => Promise<...>; buyCode: (params?: Record<...>) ...'.
src/tools/binance-gift-card/verifyGiftCard.ts(22,55): error TS2339: Property 'restAPI' does not exist on type '{ createCode: (params?: Record<string, any>) => Promise<any>; createDualTokenCode: (params?: Record<string, any>) => Promise<any>; redeemCode: (params?: Record<...>) => Promise<...>; verify: (params?: Record<...>) => Promise<...>; rsaPublicKey: (params?: Record<...>) => Promise<...>; buyCode: (params?: Record<...>) ...'.
src/tools/binance-margin/cross-margin-api/crossMarginAllAssets.ts(22,53): error TS2339: Property 'restAPI' does not exist on type '{ borrow: (params?: Record<string, any>) => Promise<any>; repay: (params?: Record<string, any>) => Promise<any>; getAccount: (params?: Record<string, any>) => Promise<...>; ... 30 more ...; getInterestRateHistory: (params?: Record<...>) => Promise<...>; }'.
src/tools/binance-margin/isolated-margin-api/disableIsolatedMarginAccount.ts(22,53): error TS2339: Property 'restAPI' does not exist on type '{ borrow: (params?: Record<string, any>) => Promise<any>; repay: (params?: Record<string, any>) => Promise<any>; getAccount: (params?: Record<string, any>) => Promise<...>; ... 30 more ...; getInterestRateHistory: (params?: Record<...>) => Promise<...>; }'.
src/tools/binance-margin/isolated-margin-api/enableIsolatedMarginAccount.ts(22,53): error TS2339: Property 'restAPI' does not exist on type '{ borrow: (params?: Record<string, any>) => Promise<any>; repay: (params?: Record<string, any>) => Promise<any>; getAccount: (params?: Record<string, any>) => Promise<...>; ... 30 more ...; getInterestRateHistory: (params?: Record<...>) => Promise<...>; }'.
src/tools/binance-margin/isolated-margin-api/isolatedMarginAllSymbols.ts(21,53): error TS2339: Property 'restAPI' does not exist on type '{ borrow: (params?: Record<string, any>) => Promise<any>; repay: (params?: Record<string, any>) => Promise<any>; getAccount: (params?: Record<string, any>) => Promise<...>; ... 30 more ...; getInterestRateHistory: (params?: Record<...>) => Promise<...>; }'.
src/tools/binance-margin/isolated-margin-api/isolatedMarginBorrow.ts(24,53): error TS2339: Property 'restAPI' does not exist on type '{ borrow: (params?: Record<string, any>) => Promise<any>; repay: (params?: Record<string, any>) => Promise<any>; getAccount: (params?: Record<string, any>) => Promise<...>; ... 30 more ...; getInterestRateHistory: (params?: Record<...>) => Promise<...>; }'.
src/tools/binance-margin/isolated-margin-api/isolatedMarginRepay.ts(24,53): error TS2339: Property 'restAPI' does not exist on type '{ borrow: (params?: Record<string, any>) => Promise<any>; repay: (params?: Record<string, any>) => Promise<any>; getAccount: (params?: Record<string, any>) => Promise<...>; ... 30 more ...; getInterestRateHistory: (params?: Record<...>) => Promise<...>; }'.
src/tools/binance-margin/isolated-margin-api/isolatedMarginSymbol.ts(22,53): error TS2339: Property 'restAPI' does not exist on type '{ borrow: (params?: Record<string, any>) => Promise<any>; repay: (params?: Record<string, any>) => Promise<any>; getAccount: (params?: Record<string, any>) => Promise<...>; ... 30 more ...; getInterestRateHistory: (params?: Record<...>) => Promise<...>; }'.
src/tools/binance-margin/isolated-margin-api/isolatedMarginTransferHistory.ts(30,53): error TS2339: Property 'restAPI' does not exist on type '{ borrow: (params?: Record<string, any>) => Promise<any>; repay: (params?: Record<string, any>) => Promise<any>; getAccount: (params?: Record<string, any>) => Promise<...>; ... 30 more ...; getInterestRateHistory: (params?: Record<...>) => Promise<...>; }'.
src/tools/binance-margin/margin-order-api/marginCancelOco.ts(34,53): error TS2339: Property 'restAPI' does not exist on type '{ borrow: (params?: Record<string, any>) => Promise<any>; repay: (params?: Record<string, any>) => Promise<any>; getAccount: (params?: Record<string, any>) => Promise<...>; ... 30 more ...; getInterestRateHistory: (params?: Record<...>) => Promise<...>; }'.
src/tools/binance-margin/margin-order-api/marginGetAllOco.ts(27,53): error TS2339: Property 'restAPI' does not exist on type '{ borrow: (params?: Record<string, any>) => Promise<any>; repay: (params?: Record<string, any>) => Promise<any>; getAccount: (params?: Record<string, any>) => Promise<...>; ... 30 more ...; getInterestRateHistory: (params?: Record<...>) => Promise<...>; }'.
src/tools/binance-margin/margin-order-api/marginGetOco.ts(33,53): error TS2339: Property 'restAPI' does not exist on type '{ borrow: (params?: Record<string, any>) => Promise<any>; repay: (params?: Record<string, any>) => Promise<any>; getAccount: (params?: Record<string, any>) => Promise<...>; ... 30 more ...; getInterestRateHistory: (params?: Record<...>) => Promise<...>; }'.
src/tools/binance-margin/margin-order-api/marginGetOpenOco.ts(23,53): error TS2339: Property 'restAPI' does not exist on type '{ borrow: (params?: Record<string, any>) => Promise<any>; repay: (params?: Record<string, any>) => Promise<any>; getAccount: (params?: Record<string, any>) => Promise<...>; ... 30 more ...; getInterestRateHistory: (params?: Record<...>) => Promise<...>; }'.
src/tools/binance-margin/margin-order-api/marginNewOco.ts(40,53): error TS2339: Property 'restAPI' does not exist on type '{ borrow: (params?: Record<string, any>) => Promise<any>; repay: (params?: Record<string, any>) => Promise<any>; getAccount: (params?: Record<string, any>) => Promise<...>; ... 30 more ...; getInterestRateHistory: (params?: Record<...>) => Promise<...>; }'.
src/tools/binance-mining/mining-api/hashrateResaleDetail.ts(26,21): error TS2353: Object literal may only specify known properties, and 'userName' does not exist in type 'HashrateResaleDetailRequest'.
src/tools/binance-options/exchangeInfo.ts(18,63): error TS2554: Expected 0 arguments, but got 1.
src/tools/binance-options/exerciseHistory.ts(24,50): error TS2339: Property 'exerciseHistory' does not exist on type '{ ping: () => Promise<any>; time: () => Promise<any>; exchangeInfo: () => Promise<any>; depth: (params: Record<string, any>) => Promise<any>; ... 20 more ...; closeListenKey: () => Promise<...>; }'.
src/tools/binance-options/historicalTrades.ts(21,50): error TS2339: Property 'historicalTrades' does not exist on type '{ ping: () => Promise<any>; time: () => Promise<any>; exchangeInfo: () => Promise<any>; depth: (params: Record<string, any>) => Promise<any>; ... 20 more ...; closeListenKey: () => Promise<...>; }'.
src/tools/binance-options/openInterest.ts(18,50): error TS2339: Property 'openInterest' does not exist on type '{ ping: () => Promise<any>; time: () => Promise<any>; exchangeInfo: () => Promise<any>; depth: (params: Record<string, any>) => Promise<any>; ... 20 more ...; closeListenKey: () => Promise<...>; }'.
src/tools/binance-spot/userdatastream-api/deleteUserDataStream.ts(15,59): error TS2339: Property 'deleteUserDataStream' does not exist on type 'RestAPI'.
src/tools/binance-spot/userdatastream-api/newUserDataStream.ts(13,59): error TS2339: Property 'newUserDataStream' does not exist on type 'RestAPI'.
src/tools/binance-spot/userdatastream-api/putUserDataStream.ts(15,59): error TS2339: Property 'putUserDataStream' does not exist on type 'RestAPI'.
src/tools/binance-sub-account/assets-api/getFuturesAssetsSummary.ts(24,59): error TS2339: Property 'getSubAccountFuturesAccountSummaryV2' does not exist on type 'RestAPI'.
src/tools/binance-sub-account/assets-api/getFuturesPositionRisk.ts(26,59): error TS2339: Property 'getSubAccountFuturesPositionRiskV2' does not exist on type 'RestAPI'.
src/tools/binance-sub-account/assets-api/getMarginAssetsSummary.ts(22,59): error TS2339: Property 'getSubAccountMarginAccountSummary' does not exist on type 'RestAPI'.
src/tools/binance-sub-account/assets-api/getSpotAssetsSummary.ts(28,59): error TS2339: Property 'querySubAccountSpotAssetsSummary' does not exist on type 'RestAPI'.
src/tools/binance-sub-account/assets-api/getSubAccountAssets.ts(24,59): error TS2339: Property 'querySubAccountAssetsV4' does not exist on type 'RestAPI'.
src/tools/binance-sub-account/deposit-api/getDepositAddress.ts(28,59): error TS2339: Property 'getSubAccountDepositAddress' does not exist on type 'RestAPI'.
src/tools/binance-sub-account/deposit-api/getDepositHistory.ts(36,59): error TS2339: Property 'getSubAccountDepositHistory' does not exist on type 'RestAPI'.
src/tools/binance-sub-account/management-api/createSubAccount.ts(24,59): error TS2339: Property 'createVirtualSubAccount' does not exist on type 'RestAPI'.
src/tools/binance-sub-account/management-api/enableFutures.ts(24,59): error TS2339: Property 'enableFuturesForSubAccount' does not exist on type 'RestAPI'.
src/tools/binance-sub-account/management-api/enableMargin.ts(24,59): error TS2339: Property 'enableMarginForSubAccount' does not exist on type 'RestAPI'.
src/tools/binance-sub-account/management-api/getSubAccountApiPermission.ts(26,59): error TS2339: Property 'getSubAccountApiIpRestriction' does not exist on type 'RestAPI'.
src/tools/binance-sub-account/management-api/getSubAccountList.ts(30,59): error TS2339: Property 'querySubAccountList' does not exist on type 'RestAPI'.
src/tools/binance-sub-account/management-api/getSubAccountStatus.ts(24,59): error TS2339: Property 'getSubAccountStatus' does not exist on type 'RestAPI'.
src/tools/binance-sub-account/transfer-api/futuresTransfer.ts(32,59): error TS2339: Property 'subAccountFuturesInternalTransfer' does not exist on type 'RestAPI'.
src/tools/binance-sub-account/transfer-api/getTransferHistory.ts(32,59): error TS2339: Property 'querySubAccountTransferHistoryV1' does not exist on type 'RestAPI'.
src/tools/binance-sub-account/transfer-api/transferToMaster.ts(26,59): error TS2339: Property 'subAccountTransferSubToMaster' does not exist on type 'RestAPI'.
src/tools/binance-sub-account/transfer-api/transferToSubAccount.ts(28,59): error TS2339: Property 'subAccountTransferSubToSub' does not exist on type 'RestAPI'.
src/tools/binance-sub-account/transfer-api/universalTransfer.ts(38,59): error TS2339: Property 'universalTransfer' does not exist on type 'RestAPI'.
src/tools/binance-wallet/travel-rule-api/onboardedVaspList.ts(13,61): error TS2339: Property 'onboardedVaspList' does not exist on type 'RestAPI'.
